// Jest Snapshot v1, https://goo.gl/fbAQLP

exports[`@geniemouse/stylelint-config: matches the expected output 1`] = `
Object {
  "plugins": Array [
    "stylelint-a11y",
  ],
  "rules": Object {
    "a11y/media-prefers-reduced-motion": true,
    "a11y/no-outline-none": true,
    "a11y/selector-pseudo-class-focus": true,
    "at-rule-empty-line-before": Array [
      "always",
      Object {
        "except": Array [
          "after-same-name",
          "first-nested",
          "inside-block",
        ],
        "ignore": Array [
          "after-comment",
          "first-nested",
        ],
      },
    ],
    "at-rule-name-case": "lower",
    "at-rule-name-newline-after": "always-multi-line",
    "at-rule-name-space-after": "always-single-line",
    "at-rule-no-unknown": true,
    "at-rule-no-vendor-prefix": true,
    "at-rule-semicolon-newline-after": "always",
    "at-rule-semicolon-space-before": "never",
    "block-closing-brace-empty-line-before": Array [
      "never",
      Object {
        "except": Array [
          "after-closing-brace",
        ],
      },
    ],
    "block-closing-brace-newline-after": Array [
      "always",
      Object {
        "ignoreAtRules": Array [
          "if",
          "else",
        ],
      },
    ],
    "block-closing-brace-newline-before": "always-multi-line",
    "block-closing-brace-space-before": "always-single-line",
    "block-no-empty": true,
    "block-opening-brace-space-after": "always-single-line",
    "block-opening-brace-space-before": "always",
    "color-hex-case": "lower",
    "color-hex-length": "short",
    "color-no-invalid-hex": true,
    "comment-no-empty": true,
    "comment-whitespace-inside": "always",
    "declaration-bang-space-after": "never",
    "declaration-bang-space-before": "always",
    "declaration-block-no-duplicate-properties": Array [
      true,
      Object {
        "ignore": Array [
          "consecutive-duplicates-with-different-values",
        ],
      },
    ],
    "declaration-block-no-redundant-longhand-properties": true,
    "declaration-block-no-shorthand-property-overrides": true,
    "declaration-block-semicolon-newline-after": "always-multi-line",
    "declaration-block-semicolon-newline-before": "never-multi-line",
    "declaration-block-semicolon-space-after": "always-single-line",
    "declaration-block-semicolon-space-before": "never-single-line",
    "declaration-block-single-line-max-declarations": 1,
    "declaration-block-trailing-semicolon": "always",
    "declaration-colon-newline-after": "always-multi-line",
    "declaration-colon-space-after": "always-single-line",
    "declaration-colon-space-before": "never",
    "declaration-empty-line-before": Array [
      "never",
      Object {
        "except": Array [
          "after-comment",
        ],
      },
    ],
    "declaration-no-important": true,
    "declaration-property-unit-whitelist": Object {
      "font-size": Array [
        "em",
        "rem",
      ],
    },
    "font-family-name-quotes": "always-where-recommended",
    "font-family-no-duplicate-names": true,
    "font-family-no-missing-generic-family-keyword": true,
    "function-calc-no-invalid": true,
    "function-calc-no-unspaced-operator": true,
    "function-comma-newline-after": "always-multi-line",
    "function-comma-newline-before": "never-multi-line",
    "function-comma-space-after": "always",
    "function-comma-space-before": "never",
    "function-linear-gradient-no-nonstandard-direction": true,
    "function-max-empty-lines": 0,
    "function-name-case": "lower",
    "function-parentheses-newline-inside": "always-multi-line",
    "function-url-no-scheme-relative": true,
    "function-url-quotes": "always",
    "function-whitespace-after": "always",
    "keyframe-declaration-no-important": true,
    "length-zero-no-unit": true,
    "max-nesting-depth": Array [
      3,
      Object {
        "ignore": Array [
          "blockless-at-rules",
          "pseudo-classes",
        ],
        "ignoreAtRules": Array [
          "media",
          "page",
          "supports",
        ],
      },
    ],
    "media-feature-colon-space-after": "always",
    "media-feature-colon-space-before": "never",
    "media-feature-name-case": "lower",
    "media-feature-name-no-unknown": true,
    "media-feature-name-no-vendor-prefix": true,
    "media-feature-parentheses-space-inside": "never",
    "media-feature-range-operator-space-after": "always",
    "media-feature-range-operator-space-before": "always",
    "media-query-list-comma-newline-after": "always-multi-line",
    "media-query-list-comma-newline-before": "never-multi-line",
    "media-query-list-comma-space-after": "always",
    "media-query-list-comma-space-before": "never",
    "no-descending-specificity": true,
    "no-duplicate-at-import-rules": true,
    "no-duplicate-selectors": true,
    "no-empty-source": true,
    "no-extra-semicolons": true,
    "no-invalid-double-slash-comments": true,
    "number-leading-zero": "never",
    "number-max-precision": 7,
    "number-no-trailing-zeros": true,
    "property-case": "lower",
    "property-no-unknown": true,
    "property-no-vendor-prefix": true,
    "rule-empty-line-before": "always-multi-line",
    "selector-attribute-brackets-space-inside": "never",
    "selector-attribute-operator-space-after": "never",
    "selector-attribute-operator-space-before": "never",
    "selector-attribute-quotes": "always",
    "selector-combinator-space-after": "always",
    "selector-combinator-space-before": "always",
    "selector-descendant-combinator-no-non-space": true,
    "selector-list-comma-newline-after": "always-multi-line",
    "selector-list-comma-newline-before": "never-multi-line",
    "selector-list-comma-space-after": "always-single-line",
    "selector-list-comma-space-before": "never",
    "selector-max-attribute": 2,
    "selector-max-class": 2,
    "selector-max-combinators": 2,
    "selector-max-compound-selectors": 3,
    "selector-max-empty-lines": 0,
    "selector-max-id": 2,
    "selector-max-pseudo-class": 2,
    "selector-max-type": Array [
      2,
      Object {
        "ignore": Array [
          "child",
          "compounded",
          "next-sibling",
        ],
      },
    ],
    "selector-max-universal": 2,
    "selector-no-vendor-prefix": true,
    "selector-pseudo-class-case": "lower",
    "selector-pseudo-class-no-unknown": true,
    "selector-pseudo-class-parentheses-space-inside": "never",
    "selector-pseudo-element-case": "lower",
    "selector-pseudo-element-colon-notation": "double",
    "selector-pseudo-element-no-unknown": true,
    "selector-type-case": "lower",
    "selector-type-no-unknown": true,
    "shorthand-property-no-redundant-values": true,
    "string-no-newline": true,
    "string-quotes": "double",
    "unit-case": "lower",
    "unit-no-unknown": true,
    "value-keyword-case": "lower",
    "value-list-comma-newline-after": "always-multi-line",
    "value-list-comma-newline-before": "never-multi-line",
    "value-list-comma-space-after": "always",
    "value-list-comma-space-before": "never",
    "value-list-max-empty-lines": 0,
    "value-no-vendor-prefix": true,
  },
}
`;
